

================================================================
== Vitis HLS Report for 'top_function_Pipeline_VITIS_LOOP_58_1'
================================================================
* Date:           Mon Jul 24 10:31:13 2023

* Version:        2023.1 (Build 3854077 on May  4 2023)
* Project:        AllAlgoExecTest
* Solution:       solution1 (Vivado IP Flow Target)
* Product family: virtexu
* Target device:  xcvu065_CIV-ffvc1517-1H-e


================================================================
== Performance Estimates
================================================================
+ Timing: 
    * Summary: 
    +--------+----------+----------+------------+
    |  Clock |  Target  | Estimated| Uncertainty|
    +--------+----------+----------+------------+
    |ap_clk  |  10.00 ns|  4.840 ns|     2.70 ns|
    +--------+----------+----------+------------+

+ Latency: 
    * Summary: 
    +---------+---------+----------+----------+-----+-----+---------+
    |  Latency (cycles) |  Latency (absolute) |  Interval | Pipeline|
    |   min   |   max   |    min   |    max   | min | max |   Type  |
    +---------+---------+----------+----------+-----+-----+---------+
    |        ?|        ?|         ?|         ?|    ?|    ?|       no|
    +---------+---------+----------+----------+-----+-----+---------+

    + Detail: 
        * Instance: 
        N/A

        * Loop: 
        +-------------------+---------+---------+----------+-----------+-----------+------+----------+
        |                   |  Latency (cycles) | Iteration|  Initiation Interval  | Trip |          |
        |     Loop Name     |   min   |   max   |  Latency |  achieved |   target  | Count| Pipelined|
        +-------------------+---------+---------+----------+-----------+-----------+------+----------+
        |- VITIS_LOOP_58_1  |        ?|        ?|        13|         13|          1|     ?|       yes|
        +-------------------+---------+---------+----------+-----------+-----------+------+----------+



================================================================
== Utilization Estimates
================================================================
* Summary: 
+-----------------+---------+-----+--------+--------+-----+
|       Name      | BRAM_18K| DSP |   FF   |   LUT  | URAM|
+-----------------+---------+-----+--------+--------+-----+
|DSP              |        -|    -|       -|       -|    -|
|Expression       |        -|    -|       0|     492|    -|
|FIFO             |        -|    -|       -|       -|    -|
|Instance         |        -|    -|       -|       -|    -|
|Memory           |        -|    -|       -|       -|    -|
|Multiplexer      |        -|    -|       -|     437|    -|
|Register         |        -|    -|     776|       -|    -|
+-----------------+---------+-----+--------+--------+-----+
|Total            |        0|    0|     776|     929|    0|
+-----------------+---------+-----+--------+--------+-----+
|Available        |     2520|  600|  716160|  358080|    0|
+-----------------+---------+-----+--------+--------+-----+
|Utilization (%)  |        0|    0|      ~0|      ~0|    0|
+-----------------+---------+-----+--------+--------+-----+

+ Detail: 
    * Instance: 
    N/A

    * DSP: 
    N/A

    * Memory: 
    N/A

    * FIFO: 
    N/A

    * Expression: 
    +----------------------+----------+----+---+----+------------+------------+
    |     Variable Name    | Operation| DSP| FF| LUT| Bitwidth P0| Bitwidth P1|
    +----------------------+----------+----+---+----+------------+------------+
    |add_ln60_fu_631_p2    |         +|   0|  0|  39|          32|           1|
    |add_ln65_1_fu_653_p2  |         +|   0|  0|  39|          32|           1|
    |add_ln65_2_fu_660_p2  |         +|   0|  0|  39|          32|           1|
    |add_ln65_3_fu_675_p2  |         +|   0|  0|  39|          32|           1|
    |add_ln65_4_fu_685_p2  |         +|   0|  0|  39|          32|           1|
    |add_ln65_5_fu_696_p2  |         +|   0|  0|  39|          32|           1|
    |add_ln65_6_fu_707_p2  |         +|   0|  0|  39|          32|           1|
    |add_ln65_7_fu_718_p2  |         +|   0|  0|  39|          32|           1|
    |add_ln65_8_fu_730_p2  |         +|   0|  0|  39|          32|           1|
    |add_ln65_fu_642_p2    |         +|   0|  0|  39|          32|           1|
    |top_4_fu_626_p2       |         +|   0|  0|  39|          32|           2|
    |ap_condition_760      |       and|   0|  0|   2|           1|           1|
    |ap_condition_765      |       and|   0|  0|   2|           1|           1|
    |ap_condition_769      |       and|   0|  0|   2|           1|           1|
    |ap_condition_773      |       and|   0|  0|   2|           1|           1|
    |ap_condition_777      |       and|   0|  0|   2|           1|           1|
    |ap_condition_781      |       and|   0|  0|   2|           1|           1|
    |ap_condition_784      |       and|   0|  0|   2|           1|           1|
    |ap_condition_788      |       and|   0|  0|   2|           1|           1|
    |ap_condition_792      |       and|   0|  0|   2|           1|           1|
    |ap_condition_796      |       and|   0|  0|   2|           1|           1|
    |ap_condition_800      |       and|   0|  0|   2|           1|           1|
    |ap_condition_804      |       and|   0|  0|   2|           1|           1|
    |icmp_ln58_fu_592_p2   |      icmp|   0|  0|  39|          32|           2|
    +----------------------+----------+----+---+----+------------+------------+
    |Total                 |          |   0|  0| 492|         396|          26|
    +----------------------+----------+----+---+----+------------+------------+

    * Multiplexer: 
    +---------------------------------------+----+-----------+-----+-----------+
    |                  Name                 | LUT| Input Size| Bits| Total Bits|
    +---------------------------------------+----+-----------+-----+-----------+
    |ap_NS_fsm                              |  60|         14|    1|         14|
    |ap_done_int                            |   9|          2|    1|          2|
    |ap_phi_mux_top_6_12_phi_fu_514_p6      |   9|          2|   32|         64|
    |ap_phi_mux_top_6_15_phi_fu_528_p6      |   9|          2|   32|         64|
    |ap_phi_mux_top_6_17_phi_fu_555_p6      |  14|          3|   32|         96|
    |ap_phi_mux_top_6_18_phi_fu_569_p6      |   9|          2|   32|         64|
    |ap_phi_mux_top_6_1_phi_fu_448_p6       |  14|          3|   32|         96|
    |ap_phi_mux_top_6_3_phi_fu_459_p6       |  14|          3|   32|         96|
    |ap_phi_mux_top_6_4_phi_fu_473_p6       |  14|          3|   32|         96|
    |ap_phi_mux_top_6_6_phi_fu_486_p6       |  14|          3|   32|         96|
    |ap_phi_reg_pp0_iter0_top_6_16_reg_539  |   9|          2|   32|         64|
    |ap_phi_reg_pp0_iter0_top_6_8_reg_497   |  14|          3|   32|         96|
    |ap_sig_allocacmp_top_3                 |   9|          2|   32|         64|
    |empty_fu_94                            |   9|          2|   32|         64|
    |stack_1_address0                       |  55|         12|    5|         60|
    |stack_1_d0                             |  53|         11|    5|         55|
    |top_6_17_reg_552                       |  14|          3|   32|         96|
    |top_6_3_reg_456                        |  14|          3|   32|         96|
    |top_6_6_reg_483                        |  14|          3|   32|         96|
    |top_fu_98                              |   9|          2|   32|         64|
    |traversalSize_o                        |   9|          2|   32|         64|
    |visited_2_address0                     |  31|          6|    5|         30|
    |visited_2_address1                     |  31|          6|    5|         30|
    +---------------------------------------+----+-----------+-----+-----------+
    |Total                                  | 437|         94|  566|       1567|
    +---------------------------------------+----+-----------+-----+-----------+

    * Register: 
    +---------------------------------------+----+----+-----+-----------+
    |                  Name                 | FF | LUT| Bits| Const Bits|
    +---------------------------------------+----+----+-----+-----------+
    |add_ln60_reg_895                       |  32|   0|   32|          0|
    |add_ln65_1_reg_957                     |  32|   0|   32|          0|
    |add_ln65_2_reg_966                     |  32|   0|   32|          0|
    |add_ln65_3_reg_979                     |  32|   0|   32|          0|
    |add_ln65_4_reg_1001                    |  32|   0|   32|          0|
    |add_ln65_5_reg_1006                    |  32|   0|   32|          0|
    |add_ln65_reg_948                       |  32|   0|   32|          0|
    |adjacencyList_11_load_reg_916          |   1|   0|    1|          0|
    |adjacencyList_13_load_reg_912          |   1|   0|    1|          0|
    |adjacencyList_15_load_reg_908          |   1|   0|    1|          0|
    |adjacencyList_16_load_reg_904          |   1|   0|    1|          0|
    |adjacencyList_18_load_reg_900          |   1|   0|    1|          0|
    |adjacencyList_1_load_reg_936           |   1|   0|    1|          0|
    |adjacencyList_2_load_reg_932           |   1|   0|    1|          0|
    |adjacencyList_3_load_reg_928           |   1|   0|    1|          0|
    |adjacencyList_4_load_reg_924           |   1|   0|    1|          0|
    |adjacencyList_7_load_reg_920           |   1|   0|    1|          0|
    |ap_CS_fsm                              |  13|   0|   13|          0|
    |ap_done_reg                            |   1|   0|    1|          0|
    |ap_phi_reg_pp0_iter0_top_6_12_reg_511  |  32|   0|   32|          0|
    |ap_phi_reg_pp0_iter0_top_6_15_reg_525  |  32|   0|   32|          0|
    |ap_phi_reg_pp0_iter0_top_6_16_reg_539  |  32|   0|   32|          0|
    |ap_phi_reg_pp0_iter0_top_6_18_reg_566  |  32|   0|   32|          0|
    |ap_phi_reg_pp0_iter0_top_6_1_reg_445   |  32|   0|   32|          0|
    |ap_phi_reg_pp0_iter0_top_6_4_reg_470   |  32|   0|   32|          0|
    |ap_phi_reg_pp0_iter0_top_6_8_reg_497   |  32|   0|   32|          0|
    |empty_fu_94                            |  32|   0|   32|          0|
    |icmp_ln58_reg_825                      |   1|   0|    1|          0|
    |stack_1_addr_reg_829                   |   5|   0|    5|          0|
    |top_3_reg_769                          |  32|   0|   32|          0|
    |top_4_reg_889                          |  32|   0|   32|          0|
    |top_6_17_reg_552                       |  32|   0|   32|          0|
    |top_6_3_reg_456                        |  32|   0|   32|          0|
    |top_6_6_reg_483                        |  32|   0|   32|          0|
    |top_6_8_reg_497                        |  32|   0|   32|          0|
    |top_fu_98                              |  32|   0|   32|          0|
    |traversalSize_load_reg_834             |  32|   0|   32|          0|
    |visited_2_load_1_reg_944               |   1|   0|    1|          0|
    |visited_2_load_2_reg_953               |   1|   0|    1|          0|
    |visited_2_load_3_reg_962               |   1|   0|    1|          0|
    |visited_2_load_4_reg_971               |   1|   0|    1|          0|
    |visited_2_load_5_reg_975               |   1|   0|    1|          0|
    |visited_2_load_6_reg_985               |   1|   0|    1|          0|
    |visited_2_load_7_reg_989               |   1|   0|    1|          0|
    |visited_2_load_8_reg_993               |   1|   0|    1|          0|
    |visited_2_load_9_reg_997               |   1|   0|    1|          0|
    |visited_2_load_reg_940                 |   1|   0|    1|          0|
    +---------------------------------------+----+----+-----+-----------+
    |Total                                  | 776|   0|  776|          0|
    +---------------------------------------+----+----+-----+-----------+



================================================================
== Interface
================================================================
* Summary: 
+---------------------------+-----+-----+------------+---------------------------------------+--------------+
|         RTL Ports         | Dir | Bits|  Protocol  |             Source Object             |    C Type    |
+---------------------------+-----+-----+------------+---------------------------------------+--------------+
|ap_clk                     |   in|    1|  ap_ctrl_hs|  top_function_Pipeline_VITIS_LOOP_58_1|  return value|
|ap_rst                     |   in|    1|  ap_ctrl_hs|  top_function_Pipeline_VITIS_LOOP_58_1|  return value|
|ap_start                   |   in|    1|  ap_ctrl_hs|  top_function_Pipeline_VITIS_LOOP_58_1|  return value|
|ap_done                    |  out|    1|  ap_ctrl_hs|  top_function_Pipeline_VITIS_LOOP_58_1|  return value|
|ap_idle                    |  out|    1|  ap_ctrl_hs|  top_function_Pipeline_VITIS_LOOP_58_1|  return value|
|ap_ready                   |  out|    1|  ap_ctrl_hs|  top_function_Pipeline_VITIS_LOOP_58_1|  return value|
|index                      |   in|   32|     ap_none|                                  index|        scalar|
|visited_2_address0         |  out|    5|   ap_memory|                              visited_2|         array|
|visited_2_ce0              |  out|    1|   ap_memory|                              visited_2|         array|
|visited_2_we0              |  out|    1|   ap_memory|                              visited_2|         array|
|visited_2_d0               |  out|    1|   ap_memory|                              visited_2|         array|
|visited_2_q0               |   in|    1|   ap_memory|                              visited_2|         array|
|visited_2_address1         |  out|    5|   ap_memory|                              visited_2|         array|
|visited_2_ce1              |  out|    1|   ap_memory|                              visited_2|         array|
|visited_2_we1              |  out|    1|   ap_memory|                              visited_2|         array|
|visited_2_d1               |  out|    1|   ap_memory|                              visited_2|         array|
|visited_2_q1               |   in|    1|   ap_memory|                              visited_2|         array|
|stack_1_address0           |  out|    5|   ap_memory|                                stack_1|         array|
|stack_1_ce0                |  out|    1|   ap_memory|                                stack_1|         array|
|stack_1_we0                |  out|    1|   ap_memory|                                stack_1|         array|
|stack_1_d0                 |  out|    5|   ap_memory|                                stack_1|         array|
|stack_1_q0                 |   in|    5|   ap_memory|                                stack_1|         array|
|p_out                      |  out|   32|      ap_vld|                                  p_out|       pointer|
|p_out_ap_vld               |  out|    1|      ap_vld|                                  p_out|       pointer|
|adjacencyList_1_address0   |  out|    5|   ap_memory|                        adjacencyList_1|         array|
|adjacencyList_1_ce0        |  out|    1|   ap_memory|                        adjacencyList_1|         array|
|adjacencyList_1_q0         |   in|    1|   ap_memory|                        adjacencyList_1|         array|
|adjacencyList_2_address0   |  out|    5|   ap_memory|                        adjacencyList_2|         array|
|adjacencyList_2_ce0        |  out|    1|   ap_memory|                        adjacencyList_2|         array|
|adjacencyList_2_q0         |   in|    1|   ap_memory|                        adjacencyList_2|         array|
|adjacencyList_3_address0   |  out|    5|   ap_memory|                        adjacencyList_3|         array|
|adjacencyList_3_ce0        |  out|    1|   ap_memory|                        adjacencyList_3|         array|
|adjacencyList_3_q0         |   in|    1|   ap_memory|                        adjacencyList_3|         array|
|adjacencyList_4_address0   |  out|    5|   ap_memory|                        adjacencyList_4|         array|
|adjacencyList_4_ce0        |  out|    1|   ap_memory|                        adjacencyList_4|         array|
|adjacencyList_4_q0         |   in|    1|   ap_memory|                        adjacencyList_4|         array|
|adjacencyList_7_address0   |  out|    5|   ap_memory|                        adjacencyList_7|         array|
|adjacencyList_7_ce0        |  out|    1|   ap_memory|                        adjacencyList_7|         array|
|adjacencyList_7_q0         |   in|    1|   ap_memory|                        adjacencyList_7|         array|
|adjacencyList_11_address0  |  out|    5|   ap_memory|                       adjacencyList_11|         array|
|adjacencyList_11_ce0       |  out|    1|   ap_memory|                       adjacencyList_11|         array|
|adjacencyList_11_q0        |   in|    1|   ap_memory|                       adjacencyList_11|         array|
|adjacencyList_13_address0  |  out|    5|   ap_memory|                       adjacencyList_13|         array|
|adjacencyList_13_ce0       |  out|    1|   ap_memory|                       adjacencyList_13|         array|
|adjacencyList_13_q0        |   in|    1|   ap_memory|                       adjacencyList_13|         array|
|adjacencyList_15_address0  |  out|    5|   ap_memory|                       adjacencyList_15|         array|
|adjacencyList_15_ce0       |  out|    1|   ap_memory|                       adjacencyList_15|         array|
|adjacencyList_15_q0        |   in|    1|   ap_memory|                       adjacencyList_15|         array|
|adjacencyList_16_address0  |  out|    5|   ap_memory|                       adjacencyList_16|         array|
|adjacencyList_16_ce0       |  out|    1|   ap_memory|                       adjacencyList_16|         array|
|adjacencyList_16_q0        |   in|    1|   ap_memory|                       adjacencyList_16|         array|
|traversalSize_i            |   in|   32|     ap_ovld|                          traversalSize|       pointer|
|traversalSize_o            |  out|   32|     ap_ovld|                          traversalSize|       pointer|
|traversalSize_o_ap_vld     |  out|    1|     ap_ovld|                          traversalSize|       pointer|
|allTraversal_address0      |  out|    5|   ap_memory|                           allTraversal|         array|
|allTraversal_ce0           |  out|    1|   ap_memory|                           allTraversal|         array|
|allTraversal_we0           |  out|    1|   ap_memory|                           allTraversal|         array|
|allTraversal_d0            |  out|    5|   ap_memory|                           allTraversal|         array|
|adjacencyList_18_address0  |  out|    5|   ap_memory|                       adjacencyList_18|         array|
|adjacencyList_18_ce0       |  out|    1|   ap_memory|                       adjacencyList_18|         array|
|adjacencyList_18_q0        |   in|    1|   ap_memory|                       adjacencyList_18|         array|
+---------------------------+-----+-----+------------+---------------------------------------+--------------+

